[1/20] 1CS9 n=9 24s LEG:g=4.18 AMB:g=8.71e+07 AMBc:g=4.44 DIST:g=1.07
[2/20] 1ID6 n=15 111s LEG:g=21.5 AMB:g=1.41e+10 AMBc:g=28.7 DIST:g=0.529
[3/20] 1TOR n=10 36s LEG:g=1.34 AMB:g=5.87e+05 AMBc:g=3.78 DIST:g=0.753
[4/20] 2JN5 n=12 67s LEG:g=18.2 AMB:g=1.71e+07 AMBc:g=65.2 DIST:g=0.642
[5/20] 2LU6 n=14 88s LEG:g=21.6 AMB:g=5.98e+05 AMBc:g=20.8 DIST:g=2.53
[6/20] 2MFV n=14 67s LEG:g=15.2 AMB:g=7.43e+10 AMBc:g=48.4 DIST:g=1.95
[7/20] 2MIG n=12 66s LEG:g=7.19 AMB:g=3.17e+14 AMBc:g=40.6 DIST:g=2.33
[8/20] 2MK7 n=9 31s LEG:g=19.1 AMB:g=8.71e+04 AMBc:g=7.12 DIST:g=0.867
[9/20] 2MSA n=14 81s LEG:g=15.1 AMB:g=5.54e+08 AMBc:g=22.1 DIST:g=2.98
[10/20] 2O0S n=12 98s LEG:g=35.3 AMB:g=3.9e+05 AMBc:g=15.2 DIST:g=1.89
[11/20] 5H1H n=16 136s LEG:g=41.9 AMB:g=3.8e+07 AMBc:g=37.9 DIST:g=2.1
[12/20] 5Z5W n=12 92s LEG:g=13.7 AMB:g=1.53e+07 AMBc:g=23.3 DIST:g=1.1
[13/20] 6EY3 n=9 29s LEG:g=1.17 AMB:g=3.19e+06 AMBc:g=6.57 DIST:g=1.56
[14/20] 6J9P n=12 103s LEG:g=7.92 AMB:g=3.28e+09 AMBc:g=31.9 DIST:g=2.81
[15/20] 6MBM n=16 179s LEG:g=16.9 AMB:g=1.07e+08 AMBc:g=23.8 DIST:g=0.911
[16/20] 7BX2 n=14 140s LEG:g=10.5 AMB:g=8.81e+08 AMBc:g=42.6 DIST:g=4.34
[17/20] 7N2I n=9 26s LEG:g=0.918 AMB:g=6.27e+12 AMBc:g=29.6 DIST:g=0.631
[18/20] 8T63 n=16 135s LEG:g=34.9 AMB:g=2.28e+06 AMBc:g=25.9 DIST:g=1.3
[19/20] 8TXS n=16 122s LEG:g=17.8 AMB:g=1.19e+07 AMBc:g=18.9 DIST:g=2.52
[20/20] 9BAF n=16 111s LEG:g=9.19 AMB:g=6.59e+08 AMBc:g=40.3 DIST:g=2.61
[1/20] 1CS9 n=9 182s bestRMSD LEG:2.28 AMB:2.14 AMBc:2.94 DIST:3.19
[2/20] 1ID6 n=15 450s bestRMSD LEG:4.29 AMB:3.43 AMBc:4.04 DIST:4.50
[3/20] 1TOR n=10 231s bestRMSD LEG:1.60 AMB:1.92 AMBc:1.87 DIST:1.80
[4/20] 2JN5 n=12 337s bestRMSD LEG:3.29 AMB:5.15 AMBc:3.08 DIST:3.70
[5/20] 2LU6 n=14 375s bestRMSD LEG:3.38 AMB:3.51 AMBc:3.13 DIST:2.69
[6/20] 2MFV n=14 279s bestRMSD LEG:4.49 AMB:5.38 AMBc:5.08 DIST:4.84
[7/20] 2MIG n=12 311s bestRMSD LEG:3.42 AMB:3.60 AMBc:3.22 DIST:2.38
[8/20] 2MK7 n=9 214s bestRMSD LEG:2.66 AMB:1.11 AMBc:1.15 DIST:2.89
[9/20] 2MSA n=14 339s bestRMSD LEG:5.19 AMB:3.13 AMBc:4.14 DIST:4.42
[10/20] 2O0S n=12 452s bestRMSD LEG:1.74 AMB:2.43 AMBc:2.03 DIST:2.83
[11/20] 5H1H n=16 429s bestRMSD LEG:3.06 AMB:3.37 AMBc:3.30 DIST:3.16
[12/20] 5Z5W n=12 387s bestRMSD LEG:2.05 AMB:2.36 AMBc:2.31 DIST:2.16
[13/20] 6EY3 n=9 171s bestRMSD LEG:2.59 AMB:2.57 AMBc:2.58 DIST:1.29
[14/20] 6J9P n=12 420s bestRMSD LEG:1.09 AMB:1.09 AMBc:1.09 DIST:1.05
[15/20] 6MBM n=16 537s bestRMSD LEG:1.41 AMB:1.23 AMBc:1.23 DIST:1.70
[16/20] 7BX2 n=14 478s bestRMSD LEG:1.73 AMB:2.64 AMBc:2.60 DIST:2.89
[17/20] 7N2I n=9 161s bestRMSD LEG:1.95 AMB:1.10 AMBc:1.15 DIST:1.37
[18/20] 8T63 n=16 424s bestRMSD LEG:5.22 AMB:4.44 AMBc:4.25 DIST:6.56
[19/20] 8TXS n=16 367s bestRMSD LEG:2.38 AMB:2.76 AMBc:2.50 DIST:2.34
[20/20] 9BAF n=16 355s bestRMSD LEG:1.66 AMB:1.70 AMBc:2.03 DIST:1.90
[1/10] 1CS9 n=9 58s
[2/10] 1ID6 n=15 155s
[3/10] 1TOR n=10 71s
[4/10] 2JN5 n=12 100s
[5/10] 2LU6 n=14 111s
[6/10] 2MFV n=14 86s
[7/10] 2MIG n=12 90s
[8/10] 2MK7 n=9 59s
[9/10] 2MSA n=14 97s
[10/10] 2O0S n=12 136s
[1/10] 1CS9 n=9 61s bestRMSD LEG:2.14 AMB:2.72 AMBc:2.82
[2/10] 1ID6 n=15 149s bestRMSD LEG:4.61 AMB:5.48 AMBc:4.99
[3/10] 1TOR n=10 78s bestRMSD LEG:2.13 AMB:1.94 AMBc:1.92
[4/10] 2JN5 n=12 113s bestRMSD LEG:3.18 AMB:4.84 AMBc:4.30
[5/10] 2LU6 n=14 120s bestRMSD LEG:3.58 AMB:2.88 AMBc:2.88
[6/10] 2MFV n=14 93s bestRMSD LEG:5.40 AMB:5.52 AMBc:5.48
[7/10] 2MIG n=12 105s bestRMSD LEG:3.54 AMB:3.53 AMBc:3.56
[8/10] 2MK7 n=9 72s bestRMSD LEG:3.08 AMB:1.00 AMBc:0.93
[9/10] 2MSA n=14 110s bestRMSD LEG:5.36 AMB:4.24 AMBc:4.21
[10/10] 2O0S n=12 153s bestRMSD LEG:1.79 AMB:2.33 AMBc:2.64
done
